<?php return array (
  0 => 'Symfony\\Bundle\\FrameworkBundle\\Controller\\AbstractController',
  1 => 'App\\Controller\\Admin\\AdminController',
  2 => 'App\\Controller\\Admin\\AgriculteurController',
  3 => 'App\\Controller\\Admin\\CategorieController',
  4 => 'App\\Controller\\Admin\\RegistrationController',
  5 => 'App\\Controller\\Admin\\SecurityController',
  6 => 'App\\Controller\\Agriculteur\\AgriculteurController',
  7 => 'App\\Controller\\Agriculteur\\CategorieController',
  8 => 'App\\Controller\\Agriculteur\\ResetPasswordController',
  9 => 'App\\Controller\\ContactInfo\\ContactController',
  10 => 'App\\Controller\\SecurityAdminController',
  11 => 'App\\Controller\\SecurityController',
  12 => 'App\\Controller\\SitemapController',
  13 => 'App\\Controller\\Trash\\RegistrationController',
  14 => 'App\\Controller\\VisiteurController',
  15 => 'App\\Entity\\Admin',
  16 => 'App\\Entity\\Agriculteur',
  17 => 'App\\Entity\\Categorie',
  18 => 'App\\Entity\\Contact',
  19 => 'App\\Entity\\ContactInfo',
  20 => 'App\\Entity\\Images',
  21 => 'App\\Entity\\Produit',
  22 => 'App\\Entity\\ResetPasswordRequest',
  23 => 'Doctrine\\Bundle\\DoctrineBundle\\Controller\\ProfilerController',
  24 => 'Doctrine\\ORM\\Cache\\Persister\\Entity\\AbstractEntityPersister',
  25 => 'Doctrine\\ORM\\Cache\\Persister\\Entity\\CachedEntityPersister',
  26 => 'Doctrine\\ORM\\Cache\\Persister\\Entity\\NonStrictReadWriteCachedEntityPersister',
  27 => 'Doctrine\\ORM\\Cache\\Persister\\Entity\\ReadOnlyCachedEntityPersister',
  28 => 'Doctrine\\ORM\\Cache\\Persister\\Entity\\ReadWriteCachedEntityPersister',
  29 => 'Doctrine\\ORM\\Persisters\\Entity\\AbstractEntityInheritancePersister',
  30 => 'Doctrine\\ORM\\Persisters\\Entity\\BasicEntityPersister',
  31 => 'Doctrine\\ORM\\Persisters\\Entity\\CachedPersisterContext',
  32 => 'Doctrine\\ORM\\Persisters\\Entity\\EntityPersister',
  33 => 'Doctrine\\ORM\\Persisters\\Entity\\JoinedSubclassPersister',
  34 => 'Doctrine\\ORM\\Persisters\\Entity\\SingleTablePersister',
  35 => 'Liip\\ImagineBundle\\Config\\Controller\\ControllerConfig',
  36 => 'Liip\\ImagineBundle\\Controller\\ImagineController',
  37 => 'SymfonyCasts\\Bundle\\ResetPassword\\Controller\\ResetPasswordControllerTrait',
  39 => 'Symfony\\Bundle\\FrameworkBundle\\Controller\\ControllerResolver',
  40 => 'Symfony\\Bundle\\FrameworkBundle\\Controller\\RedirectController',
  41 => 'Symfony\\Bundle\\FrameworkBundle\\Controller\\TemplateController',
  42 => 'Symfony\\Bundle\\WebProfilerBundle\\Controller\\ExceptionPanelController',
  43 => 'Symfony\\Bundle\\WebProfilerBundle\\Controller\\ProfilerController',
  44 => 'Symfony\\Bundle\\WebProfilerBundle\\Controller\\RouterController',
  45 => 'Symfony\\Component\\HttpKernel\\Controller\\ArgumentResolver',
  46 => 'Symfony\\Component\\HttpKernel\\Controller\\ArgumentResolverInterface',
  47 => 'Symfony\\Component\\HttpKernel\\Controller\\ArgumentResolver\\DefaultValueResolver',
  48 => 'Symfony\\Component\\HttpKernel\\Controller\\ArgumentResolver\\NotTaggedControllerValueResolver',
  49 => 'Symfony\\Component\\HttpKernel\\Controller\\ArgumentResolver\\RequestAttributeValueResolver',
  50 => 'Symfony\\Component\\HttpKernel\\Controller\\ArgumentResolver\\RequestValueResolver',
  51 => 'Symfony\\Component\\HttpKernel\\Controller\\ArgumentResolver\\ServiceValueResolver',
  52 => 'Symfony\\Component\\HttpKernel\\Controller\\ArgumentResolver\\SessionValueResolver',
  53 => 'Symfony\\Component\\HttpKernel\\Controller\\ArgumentResolver\\TraceableValueResolver',
  54 => 'Symfony\\Component\\HttpKernel\\Controller\\ArgumentResolver\\VariadicValueResolver',
  55 => 'Symfony\\Component\\HttpKernel\\Controller\\ArgumentValueResolverInterface',
  56 => 'Symfony\\Component\\HttpKernel\\Controller\\ContainerControllerResolver',
  57 => 'Symfony\\Component\\HttpKernel\\Controller\\ControllerReference',
  58 => 'Symfony\\Component\\HttpKernel\\Controller\\ControllerResolver',
  59 => 'Symfony\\Component\\HttpKernel\\Controller\\ControllerResolverInterface',
  60 => 'Symfony\\Component\\HttpKernel\\Controller\\ErrorController',
  61 => 'Symfony\\Component\\HttpKernel\\Controller\\TraceableArgumentResolver',
  62 => 'Symfony\\Component\\HttpKernel\\Controller\\TraceableControllerResolver',
  63 => 'Symfony\\Component\\Security\\Http\\Controller\\UserValueResolver',
);